{"level":"info","message":"Transcode worker started","timestamp":"09-29-2026 12:10:17","correlationId":"unknown-error-while-creating-correlation-id","data":{}}
{"level":"info","message":"Server is running on http://localhost:3001","timestamp":"09-29-2026 12:10:18","correlationId":"unknown-error-while-creating-correlation-id","data":{}}
{"level":"info","message":"Validating request body","timestamp":"09-29-2026 12:10:34","correlationId":"43c038b5-5a3a-4da5-81f9-2b61aecc1d5c","data":{}}
{"level":"info","message":"Request body is valid","timestamp":"09-29-2026 12:10:34","correlationId":"43c038b5-5a3a-4da5-81f9-2b61aecc1d5c","data":{}}
{"level":"info","message":"transcode done","timestamp":"09-29-2026 12:10:38","correlationId":"unknown-error-while-creating-correlation-id","data":{"videoId":"cmumb4rur0002imxwqal774c3"}}
{"level":"info","message":"Validating request body","timestamp":"09-29-2026 12:11:15","correlationId":"a8db6123-0ff0-49fb-b913-a9a1a57f3b9b","data":{}}
{"level":"info","message":"Request body is valid","timestamp":"09-29-2026 12:11:15","correlationId":"a8db6123-0ff0-49fb-b913-a9a1a57f3b9b","data":{}}
{"level":"info","message":"Transcode worker started","timestamp":"09-29-2026 12:16:45","correlationId":"unknown-error-while-creating-correlation-id","data":{}}
{"level":"info","message":"Server is running on http://localhost:3001","timestamp":"09-29-2026 12:16:47","correlationId":"unknown-error-while-creating-correlation-id","data":{}}
{"level":"info","message":"Validating request body","timestamp":"09-29-2026 12:16:54","correlationId":"2b5af48b-92be-444f-9d3f-a35a7152880f","data":{}}
{"level":"info","message":"Request body is valid","timestamp":"09-29-2026 12:16:54","correlationId":"2b5af48b-92be-444f-9d3f-a35a7152880f","data":{}}
{"level":"info","message":"Validating request body","timestamp":"09-29-2026 12:16:55","correlationId":"f8fa9158-0849-4ba6-a047-66d32f11d161","data":{}}
{"level":"info","message":"Request body is valid","timestamp":"09-29-2026 12:16:55","correlationId":"f8fa9158-0849-4ba6-a047-66d32f11d161","data":{}}
{"level":"info","message":"Validating request body","timestamp":"09-29-2026 12:16:56","correlationId":"d2043e4b-0ad1-45ae-b9f6-8899632a0acb","data":{}}
{"level":"info","message":"Request body is valid","timestamp":"09-29-2026 12:16:56","correlationId":"d2043e4b-0ad1-45ae-b9f6-8899632a0acb","data":{}}
{"level":"info","message":"Validating request body","timestamp":"09-29-2026 12:17:37","correlationId":"221bdf5a-45eb-4d47-8927-906f6ef8154b","data":{}}
{"level":"info","message":"Request body is valid","timestamp":"09-29-2026 12:17:37","correlationId":"221bdf5a-45eb-4d47-8927-906f6ef8154b","data":{}}
{"level":"info","message":"Validating request body","timestamp":"09-29-2026 12:17:38","correlationId":"a289206f-e791-4953-8c34-d3971ee50610","data":{}}
{"level":"info","message":"Request body is valid","timestamp":"09-29-2026 12:17:38","correlationId":"a289206f-e791-4953-8c34-d3971ee50610","data":{}}
{"level":"info","message":"Validating request body","timestamp":"09-29-2026 12:17:38","correlationId":"1c039da8-391c-49c3-a14b-468f637b309b","data":{}}
{"level":"info","message":"Request body is valid","timestamp":"09-29-2026 12:17:38","correlationId":"1c039da8-391c-49c3-a14b-468f637b309b","data":{}}
{"level":"info","message":"Validating request body","timestamp":"09-29-2026 12:18:41","correlationId":"77b8dea4-85d0-4c9f-b817-901b59a37add","data":{}}
{"level":"info","message":"Request body is valid","timestamp":"09-29-2026 12:18:41","correlationId":"77b8dea4-85d0-4c9f-b817-901b59a37add","data":{}}
{"level":"info","message":"Validating request body","timestamp":"09-29-2026 12:18:41","correlationId":"fd171a24-8c04-4f85-b7b6-f92d54e202d5","data":{}}
{"level":"info","message":"Request body is valid","timestamp":"09-29-2026 12:18:41","correlationId":"fd171a24-8c04-4f85-b7b6-f92d54e202d5","data":{}}
{"level":"info","message":"Validating request body","timestamp":"09-29-2026 12:18:42","correlationId":"463db269-01ff-4c30-a49c-6ad463a6b5a3","data":{}}
{"level":"info","message":"Request body is valid","timestamp":"09-29-2026 12:18:42","correlationId":"463db269-01ff-4c30-a49c-6ad463a6b5a3","data":{}}
{"level":"info","message":"Validating request body","timestamp":"09-29-2026 12:19:29","correlationId":"107bd912-239c-4d5d-8c16-9827e2737a4e","data":{}}
{"level":"info","message":"Request body is valid","timestamp":"09-29-2026 12:19:29","correlationId":"107bd912-239c-4d5d-8c16-9827e2737a4e","data":{}}
{"level":"info","message":"Validating request body","timestamp":"09-29-2026 12:19:30","correlationId":"b75c78a1-a4ba-4994-a606-aba0d4d91d81","data":{}}
{"level":"info","message":"Request body is valid","timestamp":"09-29-2026 12:19:30","correlationId":"b75c78a1-a4ba-4994-a606-aba0d4d91d81","data":{}}
{"level":"info","message":"Validating request body","timestamp":"09-29-2026 12:19:30","correlationId":"d3d5e277-3464-4af4-914f-da781ef0b854","data":{}}
{"level":"info","message":"Request body is valid","timestamp":"09-29-2026 12:19:30","correlationId":"d3d5e277-3464-4af4-914f-da781ef0b854","data":{}}
{"level":"info","message":"Validating request body","timestamp":"09-29-2026 12:20:33","correlationId":"bfc95e7a-e7b1-4f14-90ae-59b18662c250","data":{}}
{"level":"info","message":"Request body is valid","timestamp":"09-29-2026 12:20:33","correlationId":"bfc95e7a-e7b1-4f14-90ae-59b18662c250","data":{}}
{"level":"info","message":"Validating request body","timestamp":"09-29-2026 12:20:36","correlationId":"25cef625-b9d2-4ab7-bec5-89ef578a259d","data":{}}
{"level":"info","message":"Request body is valid","timestamp":"09-29-2026 12:20:36","correlationId":"25cef625-b9d2-4ab7-bec5-89ef578a259d","data":{}}
{"level":"info","message":"Validating request body","timestamp":"09-29-2026 12:20:40","correlationId":"774540db-9e80-404e-a9c5-1bd15de9740a","data":{}}
{"level":"info","message":"Request body is valid","timestamp":"09-29-2026 12:20:40","correlationId":"774540db-9e80-404e-a9c5-1bd15de9740a","data":{}}
{"level":"info","message":"Validating request body","timestamp":"09-29-2026 12:21:23","correlationId":"438eaf37-a03b-4f78-bbfe-6c4b5a909b51","data":{}}
{"level":"info","message":"Request body is valid","timestamp":"09-29-2026 12:21:23","correlationId":"438eaf37-a03b-4f78-bbfe-6c4b5a909b51","data":{}}
{"level":"info","message":"Validating request body","timestamp":"09-29-2026 12:21:24","correlationId":"c9dfcee1-3245-445c-87e5-59eb95b55f20","data":{}}
{"level":"info","message":"Request body is valid","timestamp":"09-29-2026 12:21:24","correlationId":"c9dfcee1-3245-445c-87e5-59eb95b55f20","data":{}}
{"level":"info","message":"Validating request body","timestamp":"09-29-2026 12:21:25","correlationId":"db6411df-37d5-4f0f-9b63-cd17c5c9ef55","data":{}}
{"level":"info","message":"Request body is valid","timestamp":"09-29-2026 12:21:25","correlationId":"db6411df-37d5-4f0f-9b63-cd17c5c9ef55","data":{}}
{"level":"info","message":"Validating request body","timestamp":"09-29-2026 12:21:43","correlationId":"1e732e34-f4b6-4fbd-8a84-9049aea8bc68","data":{}}
{"level":"info","message":"Request body is valid","timestamp":"09-29-2026 12:21:43","correlationId":"1e732e34-f4b6-4fbd-8a84-9049aea8bc68","data":{}}
{"level":"info","message":"Validating request body","timestamp":"09-29-2026 12:21:44","correlationId":"b8323d19-55d3-4892-8baf-d9116a260ec5","data":{}}
{"level":"info","message":"Request body is valid","timestamp":"09-29-2026 12:21:44","correlationId":"b8323d19-55d3-4892-8baf-d9116a260ec5","data":{}}
{"level":"info","message":"Validating request body","timestamp":"09-29-2026 12:21:45","correlationId":"b98eeb50-782e-4bb5-aa68-9a05b27db7af","data":{}}
{"level":"info","message":"Request body is valid","timestamp":"09-29-2026 12:21:45","correlationId":"b98eeb50-782e-4bb5-aa68-9a05b27db7af","data":{}}
{"level":"info","message":"Server is running on http://localhost:3001","timestamp":"09-29-2026 12:28:31","correlationId":"unknown-error-while-creating-correlation-id","data":{}}
{"level":"info","message":"Transcode worker started","timestamp":"09-29-2026 12:30:07","correlationId":"unknown-error-while-creating-correlation-id","data":{}}
{"level":"info","message":"Validating request body","timestamp":"09-29-2026 12:30:53","correlationId":"506c667a-d857-490f-99fa-9ab4c30ef0c3","data":{}}
{"level":"info","message":"Request body is valid","timestamp":"09-29-2026 12:30:53","correlationId":"506c667a-d857-490f-99fa-9ab4c30ef0c3","data":{}}
{"level":"info","message":"Server is running on http://localhost:3001","timestamp":"09-29-2026 12:31:47","correlationId":"unknown-error-while-creating-correlation-id","data":{}}
{"level":"info","message":"transcode done","timestamp":"09-29-2026 12:32:15","correlationId":"unknown-error-while-creating-correlation-id","data":{"videoId":"cmumbw3hb0001im50ajvtl0pp"}}
{"level":"info","message":"Server is running on http://localhost:3001","timestamp":"09-29-2026 12:32:19","correlationId":"unknown-error-while-creating-correlation-id","data":{}}
{"level":"info","message":"Validating request body","timestamp":"09-29-2026 12:34:33","correlationId":"477c78ef-0275-4248-b551-48914001936a","data":{}}
{"level":"info","message":"Request body is valid","timestamp":"09-29-2026 12:34:33","correlationId":"477c78ef-0275-4248-b551-48914001936a","data":{}}
